
🔎 Verificando 51 produtos...
Abrindo página...
Página carregada!
Preço encontrado: R$703,87
Abrindo página...
Página carregada!
Preço encontrado: R$467,99
Abrindo página...
Página carregada!
Preço encontrado: R$90,15
Abrindo página...
Página carregada!
Preço encontrado: R$547,77
Abrindo página...
Página carregada!
Preço encontrado: R$175,99
Abrindo página...
Página carregada!
Preço encontrado: R$297,49
Abrindo página...
Página carregada!
Preço encontrado: R$265,04
Abrindo página...
Página carregada!
Preço encontrado: 
❌ Erro ao consultar CAFETEIRA ITALIANA: could not convert string to float: ''
Abrindo página...
Página carregada!
Preço encontrado: R$75,90
Abrindo página...
Página carregada!
Preço encontrado: R$549,00
Abrindo página...
Página carregada!
Preço encontrado: R$172,80
Abrindo página...
Página carregada!
Preço encontrado: R$47,49
Abrindo página...
Página carregada!
Preço encontrado: R$53,10
Abrindo página...
Página carregada!
Preço encontrado: R$91,10
Abrindo página...
Página carregada!
Preço encontrado: R$36,99
Abrindo página...
Página carregada!
Preço encontrado: R$36,90
Abrindo página...
Página carregada!
Preço encontrado: R$34,20
Abrindo página...
Página carregada!
Preço encontrado: R$19,00
Abrindo página...
Página carregada!
Preço encontrado: R$29,90
Abrindo página...
Página carregada!
Preço encontrado: R$38,90
Abrindo página...
Página carregada!
Preço encontrado: R$5,69
Abrindo página...
Página carregada!
Preço encontrado: R$51,29
Abrindo página...
Página carregada!
Preço encontrado: R$95,00
Abrindo página...
Página carregada!
Preço encontrado: R$38,90
Abrindo página...
Página carregada!
Preço encontrado: R$15,90
Abrindo página...
Página carregada!
Preço encontrado: R$54,05
Abrindo página...
Página carregada!
Preço encontrado: R$56,90
Abrindo página...
Página carregada!
Preço encontrado: R$683,10
Abrindo página...
Página carregada!
Preço encontrado: R$39,99
Abrindo página...
Página carregada!
Preço encontrado: R$85,40
Abrindo página...
Página carregada!
Preço encontrado: R$49,90
Abrindo página...
Página carregada!
Preço encontrado: R$534,85
Abrindo página...
Página carregada!
Preço encontrado: R$65,45
Abrindo página...
Página carregada!
Preço encontrado: R$142,50
Abrindo página...
Página carregada!
Preço encontrado: R$51,29
Abrindo página...
Página carregada!
Preço encontrado: R$7.219,05
Abrindo página...
Página carregada!
Preço encontrado: R$158,18
Abrindo página...
Página carregada!
Preço encontrado: R$44,65
Abrindo página...
Página carregada!
Preço encontrado: R$34,99
Abrindo página...
Página carregada!
Preço encontrado: R$39,90
Abrindo página...
Página carregada!
Preço encontrado: R$3.846,55
Abrindo página...
Página carregada!
Preço encontrado: R$79,00
Abrindo página...
Página carregada!
Preço encontrado: R$19,00
Abrindo página...
Página carregada!
Preço encontrado: R$85,68
Abrindo página...
Página carregada!
Preço encontrado: R$89,33
Abrindo página...
Página carregada!
Preço encontrado: R$184,30
Abrindo página...
Página carregada!
Preço encontrado: R$142,88
Abrindo página...
Página carregada!
Preço encontrado: R$61,07
Abrindo página...
Página carregada!
Preço encontrado: R$137,65
Abrindo página...
Página carregada!
Preço encontrado: R$69,39
Abrindo página...
Página carregada!
Preço encontrado: R$1.134,30

==================================================
🚨 QUEDAS DE 20% OU MAIS
==================================================
Nenhum produto teve queda de 20% ou mais.

==================================================
✅ Verificação concluída.
🔎 Verificando 51 produtos...
Abrindo página...
Página carregada!
Preço encontrado: R$703,87
Abrindo página...
Página carregada!
Preço encontrado: R$467,99
Abrindo página...
Página carregada!
Preço encontrado: R$90,15
Abrindo página...
Página carregada!
Preço encontrado: R$547,77
Abrindo página...
Página carregada!
Preço encontrado: R$175,99
Abrindo página...
Página carregada!
Preço encontrado: R$297,49
Abrindo página...
Página carregada!
Preço encontrado: R$265,04
Abrindo página...
Página carregada!
Preço encontrado: 
❌ Erro ao consultar CAFETEIRA ITALIANA: could not convert string to float: ''
Abrindo página...
Página carregada!
Preço encontrado: R$75,90
Abrindo página...
Página carregada!
Preço encontrado: R$549,00
Abrindo página...
Página carregada!
Preço encontrado: R$172,80
Abrindo página...
Página carregada!
Preço encontrado: R$47,49
Abrindo página...
Página carregada!
Preço encontrado: R$53,10
Abrindo página...
Página carregada!
Preço encontrado: R$91,10
Abrindo página...
Página carregada!
Preço encontrado: R$36,99
Abrindo página...
Página carregada!
Preço encontrado: R$36,90
Abrindo página...
Página carregada!
Preço encontrado: R$34,20
Abrindo página...
Página carregada!
Preço encontrado: R$19,00
Abrindo página...
Página carregada!
Preço encontrado: R$29,90
Abrindo página...
Página carregada!
Preço encontrado: R$38,90
Abrindo página...
Página carregada!
Preço encontrado: R$5,69
Abrindo página...
Página carregada!
Preço encontrado: R$51,29
Abrindo página...
Página carregada!
Preço encontrado: R$95,00
Abrindo página...
Página carregada!
Preço encontrado: R$38,90
Abrindo página...
Página carregada!
Preço encontrado: R$15,90
Abrindo página...
Página carregada!
Preço encontrado: R$54,05
Abrindo página...
Página carregada!
Preço encontrado: R$56,90
Abrindo página...
Página carregada!
Preço encontrado: R$683,10
Abrindo página...
Página carregada!
Preço encontrado: R$39,99
Abrindo página...
Página carregada!
Preço encontrado: R$85,40
Abrindo página...
Página carregada!
Preço encontrado: R$49,90
Abrindo página...
Página carregada!
Preço encontrado: R$534,85
Abrindo página...
Página carregada!
Preço encontrado: R$65,45
Abrindo página...
Página carregada!
Preço encontrado: R$142,50
Abrindo página...
Página carregada!
Preço encontrado: R$51,29
Abrindo página...
Página carregada!
Preço encontrado: R$7.219,05
Abrindo página...
Página carregada!
Preço encontrado: R$158,18
Abrindo página...
Página carregada!
Preço encontrado: R$44,65
Abrindo página...
Página carregada!
Preço encontrado: R$34,99
Abrindo página...
Página carregada!
Preço encontrado: R$39,90
Abrindo página...
Página carregada!
Preço encontrado: R$3.846,55
Abrindo página...
Página carregada!
Preço encontrado: R$79,00
Abrindo página...
Página carregada!
Preço encontrado: R$19,00
Abrindo página...
Página carregada!
Preço encontrado: R$85,68
Abrindo página...
Página carregada!
Preço encontrado: R$89,33
Abrindo página...
Página carregada!
Preço encontrado: R$184,30
Abrindo página...
Página carregada!
Preço encontrado: R$142,88
Abrindo página...
Página carregada!
Preço encontrado: R$61,07
Abrindo página...
Página carregada!
Preço encontrado: R$137,65
Abrindo página...
Página carregada!
Preço encontrado: R$69,39
Abrindo página...
Página carregada!
Preço encontrado: R$1.134,30

==================================================
🚨 QUEDAS DE 20% OU MAIS
==================================================
Nenhum produto teve queda de 20% ou mais.

==================================================
✅ Verificação concluída.
🔎 Verificando 53 produtos...
Abrindo página...
Página carregada!
Preço encontrado: R$703,87
Abrindo página...
Página carregada!
Preço encontrado: R$467,99
Abrindo página...
Página carregada!
Preço encontrado: R$90,15
Abrindo página...
Página carregada!
Preço encontrado: R$547,77
Abrindo página...
Página carregada!
Preço encontrado: R$175,99
Abrindo página...
Página carregada!
Preço encontrado: R$297,49
Abrindo página...
Página carregada!
Preço encontrado: R$265,04
Abrindo página...
Página carregada!
Preço encontrado: 
❌ Erro ao consultar CAFETEIRA ITALIANA: could not convert string to float: ''
Abrindo página...
Página carregada!
Preço encontrado: R$75,90
Abrindo página...
Página carregada!
Preço encontrado: R$549,00
Abrindo página...
Página carregada!
Preço encontrado: R$172,80
Abrindo página...
Página carregada!
Preço encontrado: R$47,49
Abrindo página...
Página carregada!
Preço encontrado: R$53,10
Abrindo página...
Página carregada!
Preço encontrado: R$91,10
Abrindo página...
Página carregada!
Preço encontrado: R$36,99
Abrindo página...
Página carregada!
Preço encontrado: R$36,90
Abrindo página...
Página carregada!
Preço encontrado: R$34,20
Abrindo página...
Página carregada!
Preço encontrado: R$19,00
Abrindo página...
Página carregada!
Preço encontrado: R$29,90
Abrindo página...
Página carregada!
Preço encontrado: R$38,90
Abrindo página...
Página carregada!
Preço encontrado: R$5,69
Abrindo página...
Página carregada!
Preço encontrado: R$51,29
Abrindo página...
Página carregada!
Preço encontrado: R$95,00
Abrindo página...
Página carregada!
Preço encontrado: R$38,90
Abrindo página...
Página carregada!
Preço encontrado: R$15,90
Abrindo página...
Página carregada!
Preço encontrado: R$54,05
Abrindo página...
Página carregada!
Preço encontrado: R$56,90
Abrindo página...
Página carregada!
Preço encontrado: R$683,10
Abrindo página...
Página carregada!
Preço encontrado: R$39,99
Abrindo página...
Página carregada!
Preço encontrado: R$85,40
Abrindo página...
Página carregada!
Preço encontrado: R$49,90
Abrindo página...
Página carregada!
Preço encontrado: R$534,85
Abrindo página...
Página carregada!
Preço encontrado: R$65,45
Abrindo página...
Página carregada!
Preço encontrado: R$142,50
Abrindo página...
Página carregada!
Preço encontrado: R$51,29
Abrindo página...
Página carregada!
Preço encontrado: R$7.219,05
Abrindo página...
Página carregada!
Preço encontrado: R$158,18
Abrindo página...
Página carregada!
Preço encontrado: R$44,65
Abrindo página...
Página carregada!
Preço encontrado: R$34,99
Abrindo página...
Página carregada!
Preço encontrado: R$39,90
Abrindo página...
Página carregada!
Preço encontrado: R$3.846,55
Abrindo página...
Página carregada!
Preço encontrado: R$79,00
Abrindo página...
Página carregada!
Preço encontrado: R$19,00
Abrindo página...
Página carregada!
Preço encontrado: R$85,68
Abrindo página...
Página carregada!
Preço encontrado: R$89,33
Abrindo página...
Página carregada!
Preço encontrado: R$184,30
Abrindo página...
Página carregada!
Preço encontrado: R$142,88
Abrindo página...
Página carregada!
Preço encontrado: R$61,07
Abrindo página...
Página carregada!
Preço encontrado: R$137,65
Abrindo página...
Página carregada!
Preço encontrado: R$69,39
Abrindo página...
Página carregada!
Preço encontrado: R$1.134,30
Abrindo página...
Página carregada!
Preço encontrado: R$40,94
Abrindo página...
Página carregada!
Preço encontrado: R$149,00

🚨 ALERTA DE PREÇO!
Produto: Panela de arroz
Anterior: R$ 300.00
Atual:    R$ 149.00
Queda:    50.33%
📲 Alerta enviado pelo Telegram!

==================================================
🚨 QUEDAS DE 20% OU MAIS
==================================================

Panela de arroz
De: R$ 300.00
Por: R$ 149.00
Economia: R$ 151.00 (50.33%)

==================================================
✅ Verificação concluída.
🔎 Verificando 53 produtos...
Abrindo página...
Página carregada!
Preço encontrado: R$703,87
Abrindo página...
Página carregada!
Preço encontrado: R$467,99
Abrindo página...
Página carregada!
Preço encontrado: R$90,15
Abrindo página...
Página carregada!
Preço encontrado: R$547,77
Abrindo página...
Página carregada!
Preço encontrado: R$175,99
Abrindo página...
Página carregada!
Preço encontrado: R$297,49
Abrindo página...
Página carregada!
Preço encontrado: R$265,04
Abrindo página...
Página carregada!
Preço encontrado: 
❌ Erro ao consultar CAFETEIRA ITALIANA: could not convert string to float: ''
Abrindo página...
Página carregada!
Preço encontrado: R$75,90
Abrindo página...
Página carregada!
Preço encontrado: R$549,00
Abrindo página...
Página carregada!
Preço encontrado: R$172,80
Abrindo página...
Página carregada!
Preço encontrado: R$47,49
Abrindo página...
Página carregada!
Preço encontrado: R$53,10
Abrindo página...
Página carregada!
Preço encontrado: R$91,10
Abrindo página...
Página carregada!
Preço encontrado: R$36,99
Abrindo página...
Página carregada!
Preço encontrado: R$36,90
Abrindo página...
Página carregada!
Preço encontrado: R$34,20
Abrindo página...
Página carregada!
Preço encontrado: R$19,00
Abrindo página...
Página carregada!
Preço encontrado: R$29,90
Abrindo página...
Página carregada!
Preço encontrado: R$38,90
Abrindo página...
Página carregada!
Preço encontrado: R$5,69
Abrindo página...
Página carregada!
Preço encontrado: R$51,29
Abrindo página...
Página carregada!
Preço encontrado: R$95,00
Abrindo página...
Página carregada!
Preço encontrado: R$38,90
Abrindo página...
Página carregada!
Preço encontrado: R$15,90
Abrindo página...
Página carregada!
Preço encontrado: R$54,05
Abrindo página...
Página carregada!
Preço encontrado: R$56,90
Abrindo página...
Página carregada!
Preço encontrado: R$683,10
Abrindo página...
Página carregada!
Preço encontrado: R$39,99
Abrindo página...
Página carregada!
Preço encontrado: R$85,40
Abrindo página...
Página carregada!
Preço encontrado: R$49,90
Abrindo página...
Página carregada!
Preço encontrado: R$534,85
Abrindo página...
Página carregada!
Preço encontrado: R$65,45
Abrindo página...
Página carregada!
Preço encontrado: R$142,50
Abrindo página...
Página carregada!
Preço encontrado: R$51,29
Abrindo página...
Página carregada!
Preço encontrado: R$7.219,05
Abrindo página...
Página carregada!
Preço encontrado: R$158,18
Abrindo página...
Página carregada!
Preço encontrado: R$44,65
Abrindo página...
Página carregada!
Preço encontrado: R$34,99
Abrindo página...
Página carregada!
Preço encontrado: R$39,90
Abrindo página...
Página carregada!
Preço encontrado: R$3.846,55
Abrindo página...
Página carregada!
Preço encontrado: R$79,00
Abrindo página...
Página carregada!
Preço encontrado: R$19,00
Abrindo página...
Página carregada!
Preço encontrado: R$85,68
Abrindo página...
Página carregada!
Preço encontrado: R$89,33
Abrindo página...
Página carregada!
Preço encontrado: R$184,30
Abrindo página...
Página carregada!
Preço encontrado: R$142,88
Abrindo página...
Página carregada!
Preço encontrado: R$61,07
Abrindo página...
Página carregada!
Preço encontrado: R$137,65
Abrindo página...
Página carregada!
Preço encontrado: R$69,39
Abrindo página...
Página carregada!
Preço encontrado: R$1.134,30
Abrindo página...
Página carregada!
Preço encontrado: R$40,94
Abrindo página...
Página carregada!
Preço encontrado: R$149,00

==================================================
🚨 QUEDAS DE 20% OU MAIS
==================================================
Nenhum produto teve queda de 20% ou mais.

==================================================
✅ Verificação concluída.
🔎 Verificando 53 produtos...
Abrindo página...
Página carregada!
Preço encontrado: R$703,87
Abrindo página...
Página carregada!
Preço encontrado: R$467,99
Abrindo página...
Página carregada!
Preço encontrado: R$90,15
Abrindo página...
Página carregada!
Preço encontrado: R$547,77
Abrindo página...
Página carregada!
Preço encontrado: R$175,99
Abrindo página...
Página carregada!
Preço encontrado: R$297,49
Abrindo página...
Página carregada!
Preço encontrado: R$265,04
Abrindo página...
Página carregada!
Preço encontrado: 
❌ Erro ao consultar CAFETEIRA ITALIANA: could not convert string to float: ''
Abrindo página...
Página carregada!
Preço encontrado: R$75,90
Abrindo página...
Página carregada!
Preço encontrado: R$549,00
Abrindo página...
Página carregada!
Preço encontrado: R$172,80
Abrindo página...
Página carregada!
Preço encontrado: R$47,49
Abrindo página...
Página carregada!
Preço encontrado: R$53,10
Abrindo página...
Página carregada!
Preço encontrado: R$91,10
Abrindo página...
Página carregada!
Preço encontrado: R$36,99
Abrindo página...
Página carregada!
Preço encontrado: R$36,90
Abrindo página...
Página carregada!
Preço encontrado: R$34,20
Abrindo página...
Página carregada!
Preço encontrado: R$19,00
Abrindo página...
Página carregada!
Preço encontrado: R$29,90
Abrindo página...
Página carregada!
Preço encontrado: R$38,90
Abrindo página...
Página carregada!
Preço encontrado: R$5,69
Abrindo página...
Página carregada!
Preço encontrado: R$51,29
Abrindo página...
Página carregada!
Preço encontrado: R$95,00
Abrindo página...
Página carregada!
Preço encontrado: R$38,90
Abrindo página...
Página carregada!
Preço encontrado: R$15,90
Abrindo página...
Página carregada!
Preço encontrado: R$54,05
Abrindo página...
Página carregada!
Preço encontrado: R$56,90
Abrindo página...
Página carregada!
Preço encontrado: R$683,10
Abrindo página...
Página carregada!
Preço encontrado: R$39,99
Abrindo página...
Página carregada!
Preço encontrado: R$85,40
Abrindo página...
Página carregada!
Preço encontrado: R$49,90
Abrindo página...
Página carregada!
Preço encontrado: R$534,85
Abrindo página...
Página carregada!
Preço encontrado: R$65,45
Abrindo página...
Página carregada!
Preço encontrado: R$142,50
Abrindo página...
Página carregada!
Preço encontrado: R$51,29
Abrindo página...
Página carregada!
Preço encontrado: R$7.219,05
Abrindo página...
Página carregada!
Preço encontrado: R$158,18
Abrindo página...
Página carregada!
Preço encontrado: R$44,65
Abrindo página...
Página carregada!
Preço encontrado: R$34,99
Abrindo página...
Página carregada!
Preço encontrado: R$39,90
Abrindo página...
Página carregada!
Preço encontrado: R$3.846,55
Abrindo página...
Página carregada!
Preço encontrado: R$79,00
Abrindo página...
Página carregada!
Preço encontrado: R$19,00
Abrindo página...
Página carregada!
Preço encontrado: R$85,68
Abrindo página...
Página carregada!
Preço encontrado: R$89,33
Abrindo página...
Página carregada!
Preço encontrado: R$184,30
Abrindo página...
Página carregada!
Preço encontrado: R$142,88
Abrindo página...
Página carregada!
Preço encontrado: R$61,07
Abrindo página...
Página carregada!
Preço encontrado: R$137,65
Abrindo página...
Página carregada!
Preço encontrado: R$69,39
Abrindo página...
Página carregada!
Preço encontrado: R$1.134,30
Abrindo página...
Página carregada!
Preço encontrado: R$40,94
Abrindo página...
Página carregada!
Preço encontrado: R$149,00

==================================================
🚨 QUEDAS DE 20% OU MAIS
==================================================
Nenhum produto teve queda de 20% ou mais.

==================================================
✅ Verificação concluída.
🔎 Verificando 53 produtos...
Abrindo página...
Página carregada!
Preço encontrado: R$703,87
Abrindo página...
Página carregada!
Preço encontrado: R$467,99
Abrindo página...
Página carregada!
Preço encontrado: R$90,15
Abrindo página...
Página carregada!
Preço encontrado: R$547,77
Abrindo página...
Página carregada!
Preço encontrado: R$175,99
Abrindo página...
Página carregada!
Preço encontrado: R$297,49
Abrindo página...
Página carregada!
Preço encontrado: R$265,04
Abrindo página...
Página carregada!
Preço encontrado: 
❌ Erro ao consultar CAFETEIRA ITALIANA: could not convert string to float: ''
Abrindo página...
Página carregada!
Preço encontrado: R$75,90
Abrindo página...
Página carregada!
Preço encontrado: R$549,00
Abrindo página...
Página carregada!
Preço encontrado: Panela de Pressão Tramontina Vancouver Effect em Alumínio com Revestimento Interno e Externo em Antiaderente Starflon Max Preto 20 cm 4,5 L
❌ Erro ao consultar PANELA DE PRESSÃO: could not convert string to float: 'Panela de Pressão Tramontina Vancouver Effect em Alumínio com Revestimento Interno e Externo em Antiaderente Starflon Max Preto 20 cm 4.5 L'
Abrindo página...
Página carregada!
Preço encontrado: R$47,49
Abrindo página...
Página carregada!
Preço encontrado: R$53,10
Abrindo página...
Página carregada!
Preço encontrado: R$91,10
Abrindo página...
Página carregada!
Preço encontrado: R$36,99
Abrindo página...
Página carregada!
Preço encontrado: R$36,90
Abrindo página...
Página carregada!
Preço encontrado: R$34,20
Abrindo página...
Página carregada!
Preço encontrado: R$19,00
Abrindo página...
Página carregada!
Preço encontrado: R$29,90
Abrindo página...
Página carregada!
Preço encontrado: R$38,90
Abrindo página...
Página carregada!
Preço encontrado: R$5,69
Abrindo página...
Página carregada!
Preço encontrado: R$51,29
Abrindo página...
Página carregada!
Preço encontrado: R$95,00
Abrindo página...
Página carregada!
Preço encontrado: R$38,90
Abrindo página...
Página carregada!
Preço encontrado: R$15,90
Abrindo página...
Página carregada!
Preço encontrado: R$54,05
Abrindo página...
Página carregada!
Preço encontrado: R$56,90
Abrindo página...
Página carregada!
Preço encontrado: R$683,10
Abrindo página...
Página carregada!
Preço encontrado: R$39,99
Abrindo página...
Página carregada!
Preço encontrado: R$85,40
Abrindo página...
Página carregada!
Preço encontrado: R$49,90
Abrindo página...
Página carregada!
Preço encontrado: R$534,85
Abrindo página...
Página carregada!
Preço encontrado: R$65,45
Abrindo página...
Página carregada!
Preço encontrado: R$142,50
Abrindo página...
Página carregada!
Preço encontrado: R$51,29
Abrindo página...
Página carregada!
Preço encontrado: R$7.219,05
Abrindo página...
Página carregada!
Preço encontrado: R$158,18
Abrindo página...
Página carregada!
Preço encontrado: R$44,65
Abrindo página...
Página carregada!
Preço encontrado: R$34,99
Abrindo página...
Página carregada!
Preço encontrado: R$39,90
Abrindo página...
Página carregada!
Preço encontrado: R$3.846,55
Abrindo página...
Página carregada!
Preço encontrado: R$79,00
Abrindo página...
Página carregada!
Preço encontrado: R$19,00
Abrindo página...
Página carregada!
Preço encontrado: R$85,68
Abrindo página...
Página carregada!
Preço encontrado: R$89,33
Abrindo página...
Página carregada!
Preço encontrado: R$184,30
Abrindo página...
Página carregada!
Preço encontrado: R$142,88
Abrindo página...
Página carregada!
Preço encontrado: R$61,07
Abrindo página...
Página carregada!
Preço encontrado: R$137,65
Abrindo página...
Página carregada!
Preço encontrado: R$69,39
Abrindo página...
Página carregada!
Preço encontrado: R$1.134,30
Abrindo página...
Página carregada!
Preço encontrado: R$40,94
Abrindo página...
Página carregada!
Preço encontrado: R$149,00

==================================================
🚨 QUEDAS DE 20% OU MAIS
==================================================
Nenhum produto teve queda de 20% ou mais.

==================================================
✅ Verificação concluída.
🔎 Verificando 53 produtos...
Abrindo página...
Página carregada!
Preço encontrado: R$703,87
Abrindo página...
Página carregada!
Preço encontrado: R$467,99
Abrindo página...
Página carregada!
Preço encontrado: R$90,15
Abrindo página...
Página carregada!
Preço encontrado: R$547,77
Abrindo página...
Página carregada!
Preço encontrado: R$175,99
Abrindo página...
Página carregada!
Preço encontrado: R$297,49
Abrindo página...
Página carregada!
Preço encontrado: R$265,04
Abrindo página...
Página carregada!
Preço encontrado: 
❌ Erro ao consultar CAFETEIRA ITALIANA: could not convert string to float: ''
Abrindo página...
Página carregada!
Preço encontrado: R$75,90
Abrindo página...
Página carregada!
Preço encontrado: R$549,00
Abrindo página...
Página carregada!
Preço encontrado: Panela de Pressão Tramontina Vancouver Effect em Alumínio com Revestimento Interno e Externo em Antiaderente Starflon Max Preto 20 cm 4,5 L
❌ Erro ao consultar PANELA DE PRESSÃO: could not convert string to float: 'Panela de Pressão Tramontina Vancouver Effect em Alumínio com Revestimento Interno e Externo em Antiaderente Starflon Max Preto 20 cm 4.5 L'
Abrindo página...
Página carregada!
Preço encontrado: R$47,49
Abrindo página...
Página carregada!
Preço encontrado: R$53,10
Abrindo página...
Página carregada!
Preço encontrado: R$91,10
Abrindo página...
Página carregada!
Preço encontrado: R$36,99
Abrindo página...
Página carregada!
Preço encontrado: R$36,90
Abrindo página...
Página carregada!
Preço encontrado: R$34,20
Abrindo página...
Página carregada!
Preço encontrado: R$19,00
Abrindo página...
Página carregada!
Preço encontrado: R$29,90
Abrindo página...
Página carregada!
Preço encontrado: R$38,90
Abrindo página...
Página carregada!
Preço encontrado: R$5,69
Abrindo página...
Página carregada!
Preço encontrado: R$51,29
Abrindo página...
Página carregada!
Preço encontrado: R$95,00
Abrindo página...
Página carregada!
Preço encontrado: R$38,90
Abrindo página...
Página carregada!
Preço encontrado: R$15,90
Abrindo página...
Página carregada!
Preço encontrado: R$54,05
Abrindo página...
Página carregada!
Preço encontrado: R$56,90
Abrindo página...
Página carregada!
Preço encontrado: R$683,10
Abrindo página...
Página carregada!
Preço encontrado: R$39,99
Abrindo página...
Página carregada!
Preço encontrado: R$85,40
Abrindo página...
Página carregada!
Preço encontrado: R$49,90
Abrindo página...
Página carregada!
Preço encontrado: R$534,85
Abrindo página...
Página carregada!
Preço encontrado: R$65,45
Abrindo página...
Página carregada!
Preço encontrado: R$142,50
Abrindo página...
Página carregada!
Preço encontrado: R$51,29
Abrindo página...
Página carregada!
Preço encontrado: R$7.219,05
Abrindo página...
Página carregada!
Preço encontrado: R$158,18
Abrindo página...
Página carregada!
Preço encontrado: R$44,65
Abrindo página...
Página carregada!
Preço encontrado: R$34,99
Abrindo página...
Página carregada!
Preço encontrado: R$39,90
Abrindo página...
Página carregada!
Preço encontrado: R$3.846,55
Abrindo página...
Página carregada!
Preço encontrado: R$79,00
Abrindo página...
Página carregada!
Preço encontrado: R$19,00
Abrindo página...
Página carregada!
Preço encontrado: R$85,68
Abrindo página...
Página carregada!
Preço encontrado: R$89,33
Abrindo página...
Página carregada!
Preço encontrado: R$184,30
Abrindo página...
Página carregada!
Preço encontrado: R$142,88
Abrindo página...
Página carregada!
Preço encontrado: R$61,07
Abrindo página...
Página carregada!
Preço encontrado: R$137,65
Abrindo página...
Página carregada!
Preço encontrado: R$69,39
Abrindo página...
Página carregada!
Preço encontrado: R$1.134,30
Abrindo página...
Página carregada!
Preço encontrado: R$40,94
Abrindo página...
Página carregada!
Preço encontrado: R$149,00

==================================================
🚨 QUEDAS DE 20% OU MAIS
==================================================
Nenhum produto teve queda de 20% ou mais.

==================================================
✅ Verificação concluída.
🔎 Verificando 53 produtos...
Abrindo página...
Página carregada!
Preço encontrado: R$703,87
Abrindo página...
Página carregada!
Preço encontrado: R$467,99
Abrindo página...
Página carregada!
Preço encontrado: R$90,15
Abrindo página...
Página carregada!
Preço encontrado: R$547,77
Abrindo página...
Página carregada!
Preço encontrado: R$175,99
Abrindo página...
Página carregada!
Preço encontrado: R$297,49
Abrindo página...
Página carregada!
Preço encontrado: R$265,04
Abrindo página...
Página carregada!
Preço encontrado: 
❌ Erro ao consultar CAFETEIRA ITALIANA: could not convert string to float: ''
Abrindo página...
Página carregada!
Preço encontrado: R$75,90
Abrindo página...
Página carregada!
Preço encontrado: R$549,00
Abrindo página...
Página carregada!
Preço encontrado: Panela de Pressão Tramontina Vancouver Effect em Alumínio com Revestimento Interno e Externo em Antiaderente Starflon Max Preto 20 cm 4,5 L
❌ Erro ao consultar PANELA DE PRESSÃO: could not convert string to float: 'Panela de Pressão Tramontina Vancouver Effect em Alumínio com Revestimento Interno e Externo em Antiaderente Starflon Max Preto 20 cm 4.5 L'
Abrindo página...
Página carregada!
Preço encontrado: R$47,49
Abrindo página...
Página carregada!
Preço encontrado: R$53,10
Abrindo página...
Página carregada!
Preço encontrado: R$91,10
Abrindo página...
Página carregada!
Preço encontrado: R$36,99
Abrindo página...
Página carregada!
Preço encontrado: R$36,90
Abrindo página...
Página carregada!
Preço encontrado: R$34,20
Abrindo página...
Página carregada!
Preço encontrado: R$19,00
Abrindo página...
Página carregada!
Preço encontrado: R$29,90
Abrindo página...
Página carregada!
Preço encontrado: R$38,90
Abrindo página...
Página carregada!
Preço encontrado: R$5,69
Abrindo página...
Página carregada!
Preço encontrado: R$51,29
Abrindo página...
Página carregada!
Preço encontrado: R$95,00
Abrindo página...
Página carregada!
Preço encontrado: R$38,90
Abrindo página...
Página carregada!
Preço encontrado: R$15,90
Abrindo página...
Página carregada!
Preço encontrado: R$54,05
Abrindo página...
Página carregada!
Preço encontrado: R$56,90
Abrindo página...
Página carregada!
Preço encontrado: R$683,10
Abrindo página...
Página carregada!
Preço encontrado: R$39,99
Abrindo página...
Página carregada!
Preço encontrado: R$85,40
Abrindo página...
Página carregada!
Preço encontrado: R$49,90
Abrindo página...
Página carregada!
Preço encontrado: R$534,85
Abrindo página...
Página carregada!
Preço encontrado: R$65,45
Abrindo página...
Página carregada!
Preço encontrado: R$142,50
Abrindo página...
Página carregada!
Preço encontrado: R$51,29
Abrindo página...
Página carregada!
Preço encontrado: R$7.219,05
Abrindo página...
Página carregada!
Preço encontrado: R$158,18
Abrindo página...
Página carregada!
Preço encontrado: R$44,65
Abrindo página...
Página carregada!
Preço encontrado: R$34,99
Abrindo página...
Página carregada!
Preço encontrado: R$39,90
Abrindo página...
Página carregada!
Preço encontrado: R$3.846,55
Abrindo página...
Página carregada!
Preço encontrado: R$79,00
Abrindo página...
Página carregada!
Preço encontrado: R$19,00
Abrindo página...
Página carregada!
Preço encontrado: R$85,68
Abrindo página...
Página carregada!
Preço encontrado: R$89,33
Abrindo página...
Página carregada!
Preço encontrado: R$184,30
Abrindo página...
Página carregada!
Preço encontrado: R$142,88
Abrindo página...
Página carregada!
Preço encontrado: R$61,07
Abrindo página...
Página carregada!
Preço encontrado: R$137,65
Abrindo página...
Página carregada!
Preço encontrado: R$69,39
Abrindo página...
Página carregada!
Preço encontrado: R$1.134,30
Abrindo página...
Página carregada!
Preço encontrado: R$40,94
Abrindo página...
Página carregada!
Preço encontrado: R$149,00

==================================================
🚨 QUEDAS DE 20% OU MAIS
==================================================
Nenhum produto teve queda de 20% ou mais.

==================================================
✅ Verificação concluída.
🔎 Verificando 53 produtos...
Abrindo página...
Página carregada!
Preço encontrado: R$703,87
Abrindo página...
Página carregada!
Preço encontrado: R$467,99
Abrindo página...
Página carregada!
Preço encontrado: R$90,15
Abrindo página...
Página carregada!
Preço encontrado: R$547,77
Abrindo página...
Página carregada!
Preço encontrado: R$175,99
Abrindo página...
Página carregada!
Preço encontrado: R$297,49
Abrindo página...
Página carregada!
Preço encontrado: R$265,04
Abrindo página...
Página carregada!
Preço encontrado: 
❌ Erro ao consultar CAFETEIRA ITALIANA: could not convert string to float: ''
Abrindo página...
Página carregada!
Preço encontrado: R$75,90
Abrindo página...
Página carregada!
Preço encontrado: R$549,00
Abrindo página...
Página carregada!
Preço encontrado: Panela de Pressão Tramontina Vancouver Effect em Alumínio com Revestimento Interno e Externo em Antiaderente Starflon Max Preto 20 cm 4,5 L
❌ Erro ao consultar PANELA DE PRESSÃO: could not convert string to float: 'Panela de Pressão Tramontina Vancouver Effect em Alumínio com Revestimento Interno e Externo em Antiaderente Starflon Max Preto 20 cm 4.5 L'
Abrindo página...
Página carregada!
Preço encontrado: R$47,49
Abrindo página...
Página carregada!
Preço encontrado: R$53,10
Abrindo página...
Página carregada!
Preço encontrado: R$91,10
Abrindo página...
Página carregada!
Preço encontrado: R$36,99
Abrindo página...
Página carregada!
Preço encontrado: R$36,90
Abrindo página...
Página carregada!
Preço encontrado: R$34,20
Abrindo página...
Página carregada!
Preço encontrado: R$19,00
Abrindo página...
Página carregada!
Preço encontrado: R$29,90
Abrindo página...
Página carregada!
Preço encontrado: R$38,90
Abrindo página...
Página carregada!
Preço encontrado: R$5,69
Abrindo página...
Página carregada!
Preço encontrado: R$51,29
Abrindo página...
Página carregada!
Preço encontrado: R$95,00
Abrindo página...
Página carregada!
Preço encontrado: R$38,90
Abrindo página...
Página carregada!
Preço encontrado: R$15,90
Abrindo página...
Página carregada!
Preço encontrado: R$54,05
Abrindo página...
Página carregada!
Preço encontrado: R$56,90
Abrindo página...
Página carregada!
Preço encontrado: R$683,10
Abrindo página...
Página carregada!
Preço encontrado: R$39,99
Abrindo página...
Página carregada!
Preço encontrado: R$85,40
Abrindo página...
Página carregada!
Preço encontrado: R$49,90
Abrindo página...
Página carregada!
Preço encontrado: R$534,85
Abrindo página...
Página carregada!
Preço encontrado: R$65,45
Abrindo página...
Página carregada!
Preço encontrado: R$142,50
Abrindo página...
Página carregada!
Preço encontrado: R$51,29
Abrindo página...
Página carregada!
Preço encontrado: R$7.219,05
Abrindo página...
Página carregada!
Preço encontrado: R$158,18
Abrindo página...
Página carregada!
Preço encontrado: R$44,65
Abrindo página...
Página carregada!
Preço encontrado: R$34,99
Abrindo página...
Página carregada!
Preço encontrado: R$39,90
Abrindo página...
Página carregada!
Preço encontrado: R$3.846,55
Abrindo página...
Página carregada!
Preço encontrado: R$79,00
Abrindo página...
Página carregada!
Preço encontrado: R$19,00
Abrindo página...
Página carregada!
Preço encontrado: R$85,68
Abrindo página...
Página carregada!
Preço encontrado: R$89,33
Abrindo página...
Página carregada!
Preço encontrado: R$184,30
Abrindo página...
Página carregada!
Preço encontrado: R$142,88
Abrindo página...
Página carregada!
Preço encontrado: R$61,07
Abrindo página...
Página carregada!
Preço encontrado: R$137,65
Abrindo página...
Página carregada!
Preço encontrado: R$69,39
Abrindo página...
Página carregada!
Preço encontrado: R$1.134,30
Abrindo página...
Página carregada!
Preço encontrado: R$33,45
Abrindo página...
Página carregada!
Preço encontrado: R$149,00

==================================================
🚨 QUEDAS DE 20% OU MAIS
==================================================
Nenhum produto teve queda de 20% ou mais.

==================================================
✅ Verificação concluída.
🔎 Verificando 53 produtos...
Abrindo página...
Página carregada!
Preço encontrado: R$703,87
Abrindo página...
Página carregada!
Preço encontrado: R$467,99
Abrindo página...
Página carregada!
Preço encontrado: R$90,15
Abrindo página...
Página carregada!
Preço encontrado: R$547,77
Abrindo página...
Página carregada!
Preço encontrado: R$175,99
Abrindo página...
Página carregada!
Preço encontrado: R$297,49
Abrindo página...
Página carregada!
Preço encontrado: R$265,04
Abrindo página...
Página carregada!
Preço encontrado: 
❌ Erro ao consultar CAFETEIRA ITALIANA: could not convert string to float: ''
Abrindo página...
Página carregada!
Preço encontrado: R$75,90
Abrindo página...
Página carregada!
Preço encontrado: R$549,00
Abrindo página...
Página carregada!
Preço encontrado: R$177,23
Abrindo página...
Página carregada!
Preço encontrado: R$47,49
Abrindo página...
Página carregada!
Preço encontrado: R$53,10
Abrindo página...
Página carregada!
Preço encontrado: R$91,10
Abrindo página...
Página carregada!
Preço encontrado: R$36,99
Abrindo página...
Página carregada!
Preço encontrado: R$36,90
Abrindo página...
Página carregada!
Preço encontrado: R$34,20
Abrindo página...
Página carregada!
Preço encontrado: R$19,00
Abrindo página...
Página carregada!
Preço encontrado: R$29,90
Abrindo página...
Página carregada!
Preço encontrado: R$38,90
Abrindo página...
Página carregada!
Preço encontrado: R$5,69
Abrindo página...
Página carregada!
Preço encontrado: R$51,29
Abrindo página...
Página carregada!
Preço encontrado: R$95,00
Abrindo página...
Página carregada!
Preço encontrado: R$38,90
Abrindo página...
Página carregada!
Preço encontrado: R$15,90
Abrindo página...
Página carregada!
Preço encontrado: R$54,05
Abrindo página...
Página carregada!
Preço encontrado: R$56,90
Abrindo página...
Página carregada!
Preço encontrado: R$683,10
Abrindo página...
Página carregada!
Preço encontrado: R$39,99
Abrindo página...
Página carregada!
Preço encontrado: R$85,40
Abrindo página...
Página carregada!
Preço encontrado: R$49,90
Abrindo página...
Página carregada!
Preço encontrado: R$534,85
Abrindo página...
Página carregada!
Preço encontrado: R$65,45
Abrindo página...
Página carregada!
Preço encontrado: R$142,50
Abrindo página...
Página carregada!
Preço encontrado: R$51,29
Abrindo página...
Página carregada!
Preço encontrado: R$7.219,05
Abrindo página...
Página carregada!
Preço encontrado: R$158,18
Abrindo página...
Página carregada!
Preço encontrado: R$44,65
Abrindo página...
Página carregada!
Preço encontrado: R$34,99
Abrindo página...
Página carregada!
Preço encontrado: R$39,90
Abrindo página...
Página carregada!
Preço encontrado: R$3.846,55
Abrindo página...
Página carregada!
Preço encontrado: R$79,00
Abrindo página...
Página carregada!
Preço encontrado: R$19,00
Abrindo página...
Página carregada!
Preço encontrado: R$85,68
Abrindo página...
Página carregada!
Preço encontrado: R$89,33
Abrindo página...
Página carregada!
Preço encontrado: R$184,30
Abrindo página...
Página carregada!
Preço encontrado: R$142,88
Abrindo página...
Página carregada!
Preço encontrado: R$61,07
Abrindo página...
Página carregada!
Preço encontrado: R$137,65
Abrindo página...
Página carregada!
Preço encontrado: R$69,39
Abrindo página...
Página carregada!
Preço encontrado: R$1.134,30
Abrindo página...
Página carregada!
Preço encontrado: R$33,45
Abrindo página...
Página carregada!
Preço encontrado: R$149,00

==================================================
🚨 QUEDAS DE 20% OU MAIS
==================================================
Nenhum produto teve queda de 20% ou mais.

==================================================
✅ Verificação concluída.
🔎 Verificando 53 produtos...
Abrindo página...
Página carregada!
Preço encontrado: R$703,87
Abrindo página...
Página carregada!
Preço encontrado: R$467,99
Abrindo página...
Página carregada!
Preço encontrado: R$90,15
Abrindo página...
Página carregada!
Preço encontrado: R$547,77
Abrindo página...
Página carregada!
Preço encontrado: R$175,99
Abrindo página...
Página carregada!
Preço encontrado: R$297,49
Abrindo página...
Página carregada!
Preço encontrado: R$265,04
Abrindo página...
Página carregada!
Preço encontrado: 
❌ Erro ao consultar CAFETEIRA ITALIANA: could not convert string to float: ''
Abrindo página...
Página carregada!
Preço encontrado: R$75,90
Abrindo página...
Página carregada!
Preço encontrado: R$549,00
Abrindo página...
Página carregada!
Preço encontrado: R$177,23
Abrindo página...
Página carregada!
Preço encontrado: R$47,49
Abrindo página...
Página carregada!
Preço encontrado: R$53,10
Abrindo página...
Página carregada!
Preço encontrado: R$91,10
Abrindo página...
Página carregada!
Preço encontrado: R$36,99
Abrindo página...
Página carregada!
Preço encontrado: R$36,90
Abrindo página...
Página carregada!
Preço encontrado: R$34,20
Abrindo página...
Página carregada!
Preço encontrado: R$19,00
Abrindo página...
Página carregada!
Preço encontrado: R$29,90
Abrindo página...
Página carregada!
Preço encontrado: R$38,90
Abrindo página...
Página carregada!
Preço encontrado: R$5,69
Abrindo página...
Página carregada!
Preço encontrado: R$51,29
Abrindo página...
Página carregada!
Preço encontrado: R$95,00
Abrindo página...
Página carregada!
Preço encontrado: R$38,90
Abrindo página...
Página carregada!
Preço encontrado: R$15,90
Abrindo página...
Página carregada!
Preço encontrado: R$54,05
Abrindo página...
Página carregada!
Preço encontrado: R$56,90
Abrindo página...
Página carregada!
Preço encontrado: R$683,10
Abrindo página...
Página carregada!
Preço encontrado: R$39,99
Abrindo página...
Página carregada!
Preço encontrado: R$85,40
Abrindo página...
Página carregada!
Preço encontrado: R$49,90
Abrindo página...
Página carregada!
Preço encontrado: R$534,85
Abrindo página...
Página carregada!
Preço encontrado: R$65,45
Abrindo página...
Página carregada!
Preço encontrado: R$142,50
Abrindo página...
Página carregada!
Preço encontrado: R$51,29
Abrindo página...
Página carregada!
Preço encontrado: R$7.219,05
Abrindo página...
Página carregada!
Preço encontrado: R$158,18
Abrindo página...
Página carregada!
Preço encontrado: R$44,65
Abrindo página...
Página carregada!
Preço encontrado: R$34,99
Abrindo página...
Página carregada!
Preço encontrado: R$39,90
Abrindo página...
Página carregada!
Preço encontrado: R$3.846,55
Abrindo página...
Página carregada!
Preço encontrado: R$79,00
Abrindo página...
Página carregada!
Preço encontrado: R$19,00
Abrindo página...
Página carregada!
Preço encontrado: R$80,99
Abrindo página...
Página carregada!
Preço encontrado: R$89,33
Abrindo página...
Página carregada!
Preço encontrado: R$184,30
Abrindo página...
Página carregada!
Preço encontrado: R$142,88
Abrindo página...
Página carregada!
Preço encontrado: R$61,07
Abrindo página...
Página carregada!
Preço encontrado: R$137,65
Abrindo página...
Página carregada!
Preço encontrado: R$69,39
Abrindo página...
Página carregada!
Preço encontrado: R$1.134,30
Abrindo página...
Página carregada!
Preço encontrado: R$33,45
Abrindo página...
Página carregada!
Preço encontrado: R$149,00

==================================================
🚨 QUEDAS DE 20% OU MAIS
==================================================
Nenhum produto teve queda de 20% ou mais.

==================================================
✅ Verificação concluída.
🔎 Verificando 53 produtos...
Abrindo página...
Página carregada!
Preço encontrado: R$703,87
Abrindo página...
Página carregada!
Preço encontrado: R$467,99
Abrindo página...
Página carregada!
Preço encontrado: R$90,15
Abrindo página...
Página carregada!
Preço encontrado: R$547,77
Abrindo página...
Página carregada!
Preço encontrado: R$175,99
Abrindo página...
Página carregada!
Preço encontrado: R$297,49
Abrindo página...
Página carregada!
Preço encontrado: R$265,04
Abrindo página...
Página carregada!
Preço encontrado: 
❌ Erro ao consultar CAFETEIRA ITALIANA: could not convert string to float: ''
Abrindo página...
Página carregada!
Preço encontrado: R$75,90
Abrindo página...
Página carregada!
Preço encontrado: R$549,00
Abrindo página...
Página carregada!
Preço encontrado: Panela de Pressão Tramontina Vancouver Effect em Alumínio com Revestimento Interno e Externo em Antiaderente Starflon Max Preto 20 cm 4,5 L
❌ Erro ao consultar PANELA DE PRESSÃO: could not convert string to float: 'Panela de Pressão Tramontina Vancouver Effect em Alumínio com Revestimento Interno e Externo em Antiaderente Starflon Max Preto 20 cm 4.5 L'
Abrindo página...
Página carregada!
Preço encontrado: R$47,49
Abrindo página...
Página carregada!
Preço encontrado: R$53,10
Abrindo página...
Página carregada!
Preço encontrado: R$91,10
Abrindo página...
Página carregada!
Preço encontrado: R$36,99
Abrindo página...
Página carregada!
Preço encontrado: R$36,90
Abrindo página...
Página carregada!
Preço encontrado: R$34,20
Abrindo página...
Página carregada!
Preço encontrado: R$19,00
Abrindo página...
Página carregada!
Preço encontrado: R$29,90
Abrindo página...
Página carregada!
Preço encontrado: R$38,90
Abrindo página...
Página carregada!
Preço encontrado: R$5,69
Abrindo página...
Página carregada!
Preço encontrado: R$51,29
Abrindo página...
Página carregada!
Preço encontrado: R$95,00
Abrindo página...
Página carregada!
Preço encontrado: R$38,90
Abrindo página...
Página carregada!
Preço encontrado: R$15,90
Abrindo página...
Página carregada!
Preço encontrado: R$54,05
Abrindo página...
Página carregada!
Preço encontrado: R$56,90
Abrindo página...
Página carregada!
Preço encontrado: R$683,10
Abrindo página...
Página carregada!
Preço encontrado: R$39,99
Abrindo página...
Página carregada!
Preço encontrado: R$85,40
Abrindo página...
Página carregada!
Preço encontrado: R$49,90
Abrindo página...
Página carregada!
Preço encontrado: R$534,85
Abrindo página...
Página carregada!
Preço encontrado: R$65,45
Abrindo página...
Página carregada!
Preço encontrado: R$142,50
Abrindo página...
Página carregada!
Preço encontrado: R$51,29
Abrindo página...
Página carregada!
Preço encontrado: R$7.219,05
Abrindo página...
Página carregada!
Preço encontrado: R$158,18
Abrindo página...
Página carregada!
Preço encontrado: R$44,65
Abrindo página...
Página carregada!
Preço encontrado: R$34,99
Abrindo página...
Página carregada!
Preço encontrado: R$39,90
Abrindo página...
Página carregada!
Preço encontrado: R$3.846,55
Abrindo página...
Página carregada!
Preço encontrado: R$79,00
Abrindo página...
Página carregada!
Preço encontrado: R$19,00
Abrindo página...
Página carregada!
Preço encontrado: R$85,63
Abrindo página...
Página carregada!
Preço encontrado: R$89,33
Abrindo página...
Página carregada!
Preço encontrado: R$184,30
Abrindo página...
Página carregada!
Preço encontrado: R$142,88
Abrindo página...
Página carregada!
Preço encontrado: R$61,07
Abrindo página...
Página carregada!
Preço encontrado: R$137,65
Abrindo página...
Página carregada!
Preço encontrado: R$69,39
Abrindo página...
Página carregada!
Preço encontrado: R$1.134,30
Abrindo página...
Página carregada!
Preço encontrado: R$33,45
Abrindo página...
Página carregada!
Preço encontrado: R$149,00

==================================================
🚨 QUEDAS DE 20% OU MAIS
==================================================
Nenhum produto teve queda de 20% ou mais.

==================================================
✅ Verificação concluída.
🔎 Verificando 53 produtos...
Abrindo página...
Página carregada!
Preço encontrado: R$703,87
Abrindo página...
Página carregada!
Preço encontrado: R$467,99
Abrindo página...
Página carregada!
Preço encontrado: R$90,15
Abrindo página...
Página carregada!
Preço encontrado: R$547,77
Abrindo página...
Página carregada!
Preço encontrado: R$175,99
Abrindo página...
Página carregada!
Preço encontrado: R$297,49
Abrindo página...
Página carregada!
Preço encontrado: R$265,04
Abrindo página...
Página carregada!
Preço encontrado: 
❌ Erro ao consultar CAFETEIRA ITALIANA: could not convert string to float: ''
Abrindo página...
Página carregada!
Preço encontrado: R$75,90
Abrindo página...
Página carregada!
Preço encontrado: R$549,00
Abrindo página...
Página carregada!
Preço encontrado: Panela de Pressão Tramontina Vancouver Effect em Alumínio com Revestimento Interno e Externo em Antiaderente Starflon Max Preto 20 cm 4,5 L
❌ Erro ao consultar PANELA DE PRESSÃO: could not convert string to float: 'Panela de Pressão Tramontina Vancouver Effect em Alumínio com Revestimento Interno e Externo em Antiaderente Starflon Max Preto 20 cm 4.5 L'
Abrindo página...
Página carregada!
Preço encontrado: R$47,49
Abrindo página...
Página carregada!
Preço encontrado: R$53,10
Abrindo página...
Página carregada!
Preço encontrado: R$91,10
Abrindo página...
Página carregada!
Preço encontrado: R$36,99
Abrindo página...
Página carregada!
Preço encontrado: R$36,90
Abrindo página...
Página carregada!
Preço encontrado: R$34,20
Abrindo página...
Página carregada!
Preço encontrado: R$19,00
Abrindo página...
Página carregada!
Preço encontrado: R$29,90
Abrindo página...
Página carregada!
Preço encontrado: R$38,90
Abrindo página...
Página carregada!
Preço encontrado: R$5,69
Abrindo página...
Página carregada!
Preço encontrado: R$62,10
Abrindo página...
Página carregada!
Preço encontrado: R$95,00
Abrindo página...
Página carregada!
Preço encontrado: R$38,90
Abrindo página...
Página carregada!
Preço encontrado: R$15,90
Abrindo página...
Página carregada!
Preço encontrado: R$54,05
Abrindo página...
Página carregada!
Preço encontrado: R$56,90
Abrindo página...
Página carregada!
Preço encontrado: R$683,10
Abrindo página...
Página carregada!
Preço encontrado: R$39,99
Abrindo página...
Página carregada!
Preço encontrado: R$85,40
Abrindo página...
Página carregada!
Preço encontrado: R$49,90
Abrindo página...
Página carregada!
Preço encontrado: R$534,85
Abrindo página...
Página carregada!
Preço encontrado: R$65,45
Abrindo página...
Página carregada!
Preço encontrado: R$142,50
Abrindo página...
Página carregada!
Preço encontrado: R$62,10
Abrindo página...
Página carregada!
Preço encontrado: R$7.219,05
Abrindo página...
Página carregada!
Preço encontrado: R$158,18
Abrindo página...
Página carregada!
Preço encontrado: R$44,65
Abrindo página...
Página carregada!
Preço encontrado: R$34,99
Abrindo página...
Página carregada!
Preço encontrado: R$39,90
Abrindo página...
Página carregada!
Preço encontrado: R$3.846,55
Abrindo página...
Página carregada!
Preço encontrado: R$79,00
Abrindo página...
Página carregada!
Preço encontrado: R$19,00
Abrindo página...
Página carregada!
Preço encontrado: R$85,63
Abrindo página...
Página carregada!
Preço encontrado: R$89,33
Abrindo página...
Página carregada!
Preço encontrado: R$184,30
Abrindo página...
Página carregada!
Preço encontrado: R$142,88
Abrindo página...
Página carregada!
Preço encontrado: R$61,07
Abrindo página...
Página carregada!
Preço encontrado: R$137,65
Abrindo página...
Página carregada!
Preço encontrado: R$69,39
Abrindo página...
Página carregada!
Preço encontrado: R$1.134,30
Abrindo página...
Página carregada!
Preço encontrado: R$33,45
Abrindo página...
Página carregada!
Preço encontrado: R$149,00

==================================================
🚨 QUEDAS DE 20% OU MAIS
==================================================
Nenhum produto teve queda de 20% ou mais.

==================================================
✅ Verificação concluída.
🔎 Verificando 53 produtos...
Abrindo página...
Página carregada!
Preço encontrado: R$703,87
Abrindo página...
Página carregada!
Preço encontrado: R$467,99
Abrindo página...
❌ Erro ao consultar KIT PORTA MANTIMENTOS: Page.goto: Timeout 30000ms exceeded.
Call log:
  - navigating to "https://www.amazon.com.br/dp/B0HFBF1WDP", waiting until "domcontentloaded"

Abrindo página...
❌ Erro ao consultar Microondas: Page.goto: Timeout 30000ms exceeded.
Call log:
  - navigating to "https://www.amazon.com.br/dp/B097CJVNWS", waiting until "domcontentloaded"

Abrindo página...
Página carregada!
Preço encontrado: R$175,99
Abrindo página...
Página carregada!
Preço encontrado: R$297,49
Abrindo página...
Página carregada!
Preço encontrado: R$265,04
Abrindo página...
Página carregada!
Preço encontrado: 
❌ Erro ao consultar CAFETEIRA ITALIANA: could not convert string to float: ''
Abrindo página...
Página carregada!
Preço encontrado: R$75,90
Abrindo página...
Página carregada!
Preço encontrado: R$549,00
Abrindo página...
Página carregada!
Preço encontrado: R$194,74
Abrindo página...
Página carregada!
Preço encontrado: R$47,49
Abrindo página...
Página carregada!
Preço encontrado: R$53,10
Abrindo página...
Página carregada!
Preço encontrado: R$91,10
Abrindo página...
Página carregada!
Preço encontrado: R$36,99
Abrindo página...
Página carregada!
Preço encontrado: R$36,90
Abrindo página...
Página carregada!
Preço encontrado: R$34,20
Abrindo página...
Página carregada!
Preço encontrado: R$19,00
Abrindo página...
Página carregada!
Preço encontrado: R$29,90
Abrindo página...
Página carregada!
Preço encontrado: R$38,90
Abrindo página...
Página carregada!
Preço encontrado: R$5,69
Abrindo página...
Página carregada!
Preço encontrado: R$62,10
Abrindo página...
Página carregada!
Preço encontrado: R$95,00
Abrindo página...
Página carregada!
Preço encontrado: R$38,90
Abrindo página...
Página carregada!
Preço encontrado: R$15,90
Abrindo página...
Página carregada!
Preço encontrado: R$54,05
Abrindo página...
Página carregada!
Preço encontrado: R$56,90
Abrindo página...
Página carregada!
Preço encontrado: R$683,10
Abrindo página...
Página carregada!
Preço encontrado: R$39,99
Abrindo página...
Página carregada!
Preço encontrado: R$85,40
Abrindo página...
Página carregada!
Preço encontrado: R$49,90
Abrindo página...
Página carregada!
Preço encontrado: R$534,85
Abrindo página...
Página carregada!
Preço encontrado: R$65,45
Abrindo página...
Página carregada!
Preço encontrado: R$142,50
Abrindo página...
Página carregada!
Preço encontrado: R$62,10
Abrindo página...
Página carregada!
Preço encontrado: R$7.219,05
Abrindo página...
Página carregada!
Preço encontrado: R$158,18
Abrindo página...
Página carregada!
Preço encontrado: R$44,65
Abrindo página...
Página carregada!
Preço encontrado: R$34,99
Abrindo página...
Página carregada!
Preço encontrado: R$39,90
Abrindo página...
Página carregada!
Preço encontrado: R$3.846,55
Abrindo página...
Página carregada!
Preço encontrado: R$79,00
Abrindo página...
Página carregada!
Preço encontrado: R$19,00
Abrindo página...
Página carregada!
Preço encontrado: R$85,63
Abrindo página...
Página carregada!
Preço encontrado: R$89,33
Abrindo página...
Página carregada!
Preço encontrado: R$184,30
Abrindo página...
Página carregada!
Preço encontrado: R$142,88
Abrindo página...
Página carregada!
Preço encontrado: R$61,07
Abrindo página...
Página carregada!
Preço encontrado: R$137,65
Abrindo página...
Página carregada!
Preço encontrado: R$69,39
Abrindo página...
Página carregada!
Preço encontrado: R$1.134,30
Abrindo página...
Página carregada!
Preço encontrado: R$33,45
Abrindo página...
Página carregada!
Preço encontrado: R$149,00

==================================================
🚨 QUEDAS DE 20% OU MAIS
==================================================
Nenhum produto teve queda de 20% ou mais.

==================================================
✅ Verificação concluída.
🔎 Verificando 53 produtos...
Abrindo página...
Página carregada!
Preço encontrado: R$703,87
Abrindo página...
Página carregada!
Preço encontrado: R$467,99
Abrindo página...
Página carregada!
Preço encontrado: R$90,15
Abrindo página...
Página carregada!
Preço encontrado: R$547,77
Abrindo página...
Página carregada!
Preço encontrado: R$175,99
Abrindo página...
Página carregada!
Preço encontrado: R$297,49
Abrindo página...
Página carregada!
Preço encontrado: R$265,04
Abrindo página...
Página carregada!
Preço encontrado: Cafeteira Italiana em Aço Inox, 6 Xícaras (300 ML)
❌ Erro ao consultar CAFETEIRA ITALIANA: could not convert string to float: 'Cafeteira Italiana em Aço Inox. 6 Xícaras (300 ML)'
Abrindo página...
Página carregada!
Preço encontrado: R$75,90
Abrindo página...
Página carregada!
Preço encontrado: R$549,00
Abrindo página...
Página carregada!
Preço encontrado: R$194,74
Abrindo página...
Página carregada!
Preço encontrado: R$47,49
Abrindo página...
Página carregada!
Preço encontrado: R$53,10
Abrindo página...
Página carregada!
Preço encontrado: R$91,10
Abrindo página...
Página carregada!
Preço encontrado: R$36,99
Abrindo página...
Página carregada!
Preço encontrado: R$36,90
Abrindo página...
Página carregada!
Preço encontrado: R$34,20
Abrindo página...
Página carregada!
Preço encontrado: R$19,00
Abrindo página...
Página carregada!
Preço encontrado: R$29,90
Abrindo página...
Página carregada!
Preço encontrado: R$38,90
Abrindo página...
Página carregada!
Preço encontrado: R$5,69
Abrindo página...
Página carregada!
Preço encontrado: R$62,10
Abrindo página...
Página carregada!
Preço encontrado: R$95,00
Abrindo página...
Página carregada!
Preço encontrado: R$38,90
Abrindo página...
Página carregada!
Preço encontrado: R$15,90
Abrindo página...
Página carregada!
Preço encontrado: R$54,05
Abrindo página...
Página carregada!
Preço encontrado: R$56,90
Abrindo página...
Página carregada!
Preço encontrado: R$683,10
Abrindo página...
Página carregada!
Preço encontrado: R$39,99
Abrindo página...
Página carregada!
Preço encontrado: R$85,40
Abrindo página...
Página carregada!
Preço encontrado: R$49,90
Abrindo página...
Página carregada!
Preço encontrado: R$534,85
Abrindo página...
Página carregada!
Preço encontrado: R$65,45
Abrindo página...
Página carregada!
Preço encontrado: R$142,50
Abrindo página...
Página carregada!
Preço encontrado: R$62,10
Abrindo página...
Página carregada!
Preço encontrado: R$7.219,05
Abrindo página...
Página carregada!
Preço encontrado: R$158,18
Abrindo página...
Página carregada!
Preço encontrado: R$44,65
Abrindo página...
Página carregada!
Preço encontrado: R$34,99
Abrindo página...
Página carregada!
Preço encontrado: R$39,90
Abrindo página...
Página carregada!
Preço encontrado: R$3.846,55
Abrindo página...
Página carregada!
Preço encontrado: R$78,22
Abrindo página...
Página carregada!
Preço encontrado: R$19,00
Abrindo página...
Página carregada!
Preço encontrado: R$85,63
Abrindo página...
Página carregada!
Preço encontrado: R$89,33
Abrindo página...
Página carregada!
Preço encontrado: R$184,30
Abrindo página...
Página carregada!
Preço encontrado: R$142,88
Abrindo página...
Página carregada!
Preço encontrado: R$61,07
Abrindo página...
Página carregada!
Preço encontrado: R$137,65
Abrindo página...
Página carregada!
Preço encontrado: R$69,39
Abrindo página...
Página carregada!
Preço encontrado: R$1.134,30
Abrindo página...
Página carregada!
Preço encontrado: R$33,45
Abrindo página...
Página carregada!
Preço encontrado: R$142,50

🚨 ALERTA DE PREÇO!
Produto: SUPORTE VIOLAO TRIPLO
Anterior: R$ 300.00
Atual:    R$ 142.50
Queda:    52.50%
❌ Erro ao enviar mensagem pelo Telegram: HTTP Error 400: Bad Request

==================================================
🚨 QUEDAS DE 20% OU MAIS
==================================================

SUPORTE VIOLAO TRIPLO
De: R$ 300.00
Por: R$ 142.50
Economia: R$ 157.50 (52.50%)

==================================================
✅ Verificação concluída.
🔎 Verificando 53 produtos...
Abrindo página...
Página carregada!
Preço encontrado: R$703,87
Abrindo página...
Página carregada!
Preço encontrado: R$467,99
Abrindo página...
Página carregada!
Preço encontrado: R$90,15
Abrindo página...
Página carregada!
Preço encontrado: R$547,77
Abrindo página...
Página carregada!
Preço encontrado: R$175,99
Abrindo página...
Página carregada!
Preço encontrado: R$297,49
Abrindo página...
Página carregada!
Preço encontrado: R$265,04
Abrindo página...
Página carregada!
Preço encontrado: Cafeteira Italiana em Aço Inox, 6 Xícaras (300 ML)
❌ Erro ao consultar CAFETEIRA ITALIANA: could not convert string to float: 'Cafeteira Italiana em Aço Inox. 6 Xícaras (300 ML)'
Abrindo página...
Página carregada!
Preço encontrado: R$75,90
Abrindo página...
Página carregada!
Preço encontrado: R$549,00
Abrindo página...
Página carregada!
Preço encontrado: R$194,74
Abrindo página...
Página carregada!
Preço encontrado: R$47,49
Abrindo página...
Página carregada!
Preço encontrado: R$53,10
Abrindo página...
Página carregada!
Preço encontrado: R$91,10
Abrindo página...
Página carregada!
Preço encontrado: R$36,99
Abrindo página...
Página carregada!
Preço encontrado: R$36,90
Abrindo página...
Página carregada!
Preço encontrado: R$34,20
Abrindo página...
Página carregada!
Preço encontrado: R$19,00
Abrindo página...
Página carregada!
Preço encontrado: R$29,90
Abrindo página...
Página carregada!
Preço encontrado: R$38,90
Abrindo página...
Página carregada!
Preço encontrado: R$5,69
Abrindo página...
Página carregada!
Preço encontrado: R$62,10
Abrindo página...
Página carregada!
Preço encontrado: R$95,00
Abrindo página...
Página carregada!
Preço encontrado: R$38,90
Abrindo página...
Página carregada!
Preço encontrado: R$15,90
Abrindo página...
Página carregada!
Preço encontrado: R$54,05
Abrindo página...
Página carregada!
Preço encontrado: R$56,90
Abrindo página...
Página carregada!
Preço encontrado: R$648,93
Abrindo página...
Página carregada!
Preço encontrado: R$39,99
Abrindo página...
Página carregada!
Preço encontrado: R$85,40
Abrindo página...
Página carregada!
Preço encontrado: R$49,90
Abrindo página...
Página carregada!
Preço encontrado: R$534,85
Abrindo página...
Página carregada!
Preço encontrado: R$65,45
Abrindo página...
Página carregada!
Preço encontrado: R$142,50
Abrindo página...
Página carregada!
Preço encontrado: R$62,10
Abrindo página...
Página carregada!
Preço encontrado: R$7.219,05
Abrindo página...
Página carregada!
Preço encontrado: R$158,18
Abrindo página...
Página carregada!
Preço encontrado: R$44,65
Abrindo página...
Página carregada!
Preço encontrado: R$34,99
Abrindo página...
Página carregada!
Preço encontrado: R$39,90
Abrindo página...
Página carregada!
Preço encontrado: R$3.846,55
Abrindo página...
Página carregada!
Preço encontrado: R$78,22
Abrindo página...
Página carregada!
Preço encontrado: R$19,00
Abrindo página...
Página carregada!
Preço encontrado: R$85,63
Abrindo página...
Página carregada!
Preço encontrado: R$89,33
Abrindo página...
Página carregada!
Preço encontrado: R$184,30
Abrindo página...
Página carregada!
Preço encontrado: R$142,88
Abrindo página...
Página carregada!
Preço encontrado: R$61,07
Abrindo página...
Página carregada!
Preço encontrado: R$137,65
Abrindo página...
Página carregada!
Preço encontrado: R$69,39
Abrindo página...
Página carregada!
Preço encontrado: R$1.134,30
Abrindo página...
Página carregada!
Preço encontrado: R$33,45
Abrindo página...
Página carregada!
Preço encontrado: R$19,90

🚨 ALERTA DE PREÇO!
Produto: Teste
Anterior: R$ 50.00
Atual:    R$ 19.90
Queda:    60.20%
❌ Erro ao enviar mensagem pelo Telegram: HTTP Error 400: Bad Request

==================================================
🚨 QUEDAS DE 20% OU MAIS
==================================================

Teste
De: R$ 50.00
Por: R$ 19.90
Economia: R$ 30.10 (60.20%)

==================================================
✅ Verificação concluída.
==================================================
🚀 INICIANDO RASTREADOR DE PREÇOS
==================================================
📁 Pasta do projeto: C:\Users\luzia\OneDrive\Área de Trabalho\price_tracker
📦 Produtos cadastrados: 53
📨 Destino dos alertas: -1003512640249
🔎 Verificando 53 produtos...

🔍 Consultando: FOGÃO
Abrindo página...
Página carregada!
Preço encontrado: R$703,87
💰 Preço atual: R$ 703.87
📊 Preço anterior: R$ 703.87
ℹ️ Não houve queda de preço.

🔍 Consultando: MESA + CADEIRA (4 lugares)
Abrindo página...
Página carregada!
Preço encontrado: R$467,99
💰 Preço atual: R$ 467.99
📊 Preço anterior: R$ 467.99
ℹ️ Não houve queda de preço.

🔍 Consultando: KIT PORTA MANTIMENTOS
Abrindo página...
Página carregada!
Preço encontrado: R$90,15
💰 Preço atual: R$ 90.15
📊 Preço anterior: R$ 90.15
ℹ️ Não houve queda de preço.

🔍 Consultando: Microondas
Abrindo página...
Página carregada!
Preço encontrado: R$547,77
💰 Preço atual: R$ 547.77
📊 Preço anterior: R$ 547.77
ℹ️ Não houve queda de preço.

🔍 Consultando: LIQUIDIFICADOR
Abrindo página...
Página carregada!
Preço encontrado: R$175,99
💰 Preço atual: R$ 175.99
📊 Preço anterior: R$ 175.99
ℹ️ Não houve queda de preço.

🔍 Consultando: ARMÁRIO (LOUÇAS C/ FRUTEIRA)
Abrindo página...
Página carregada!
Preço encontrado: R$297,49
💰 Preço atual: R$ 297.49
📊 Preço anterior: R$ 297.49
ℹ️ Não houve queda de preço.

🔍 Consultando: ARMÁRIO (DISPENSA)
Abrindo página...
Página carregada!
Preço encontrado: R$265,04
💰 Preço atual: R$ 265.04
📊 Preço anterior: R$ 265.04
ℹ️ Não houve queda de preço.

🔍 Consultando: CAFETEIRA ITALIANA
Abrindo página...
Página carregada!
Preço encontrado: Cafeteira Italiana em Aço Inox, 6 Xícaras (300 ML)
❌ Erro ao consultar CAFETEIRA ITALIANA: could not convert string to float: 'Cafeteira Italiana em Aço Inox. 6 Xícaras (300 ML)'

🔍 Consultando: ESCORREDOR DE LOUÇA
Abrindo página...
Página carregada!
Preço encontrado: R$75,90
💰 Preço atual: R$ 75.90
📊 Preço anterior: R$ 75.90
ℹ️ Não houve queda de preço.

🔍 Consultando: JOGO DE PANELAS
Abrindo página...
Página carregada!
Preço encontrado: R$549,00
💰 Preço atual: R$ 549.00
📊 Preço anterior: R$ 549.00
ℹ️ Não houve queda de preço.

🔍 Consultando: PANELA DE PRESSÃO
Abrindo página...
Página carregada!
Preço encontrado: R$194,74
💰 Preço atual: R$ 194.74
📊 Preço anterior: R$ 194.74
ℹ️ Não houve queda de preço.

🔍 Consultando: PRATOS
Abrindo página...
Página carregada!
Preço encontrado: R$47,49
💰 Preço atual: R$ 47.49
📊 Preço anterior: R$ 47.49
ℹ️ Não houve queda de preço.

🔍 Consultando: BOWLS
Abrindo página...
Página carregada!
Preço encontrado: R$53,10
💰 Preço atual: R$ 53.10
📊 Preço anterior: R$ 53.10
ℹ️ Não houve queda de preço.

🔍 Consultando: FORMAS
Abrindo página...
Página carregada!
Preço encontrado: R$91,10
💰 Preço atual: R$ 91.10
📊 Preço anterior: R$ 91.10
ℹ️ Não houve queda de preço.

🔍 Consultando: TALHERES
Abrindo página...
Página carregada!
Preço encontrado: R$36,99
💰 Preço atual: R$ 36.99
📊 Preço anterior: R$ 36.99
ℹ️ Não houve queda de preço.

🔍 Consultando: ESPATULAS ETC SILICONE
Abrindo página...
Página carregada!
Preço encontrado: R$36,90
💰 Preço atual: R$ 36.90
📊 Preço anterior: R$ 36.90
ℹ️ Não houve queda de preço.

🔍 Consultando: FACAS
Abrindo página...
Página carregada!
Preço encontrado: R$34,20
💰 Preço atual: R$ 34.20
📊 Preço anterior: R$ 34.20
ℹ️ Não houve queda de preço.

🔍 Consultando: RALADOR
Abrindo página...
Página carregada!
Preço encontrado: R$19,00
💰 Preço atual: R$ 19.00
📊 Preço anterior: R$ 19.00
ℹ️ Não houve queda de preço.

🔍 Consultando: PANO DE PRATO
Abrindo página...
Página carregada!
Preço encontrado: R$29,90
💰 Preço atual: R$ 29.90
📊 Preço anterior: R$ 29.90
ℹ️ Não houve queda de preço.

🔍 Consultando: TÁBUA DE CORTE
Abrindo página...
Página carregada!
Preço encontrado: R$38,90
💰 Preço atual: R$ 38.90
📊 Preço anterior: R$ 38.90
ℹ️ Não houve queda de preço.

🔍 Consultando: RODO DE PIA
Abrindo página...
Página carregada!
Preço encontrado: R$5,69
💰 Preço atual: R$ 5.69
📊 Preço anterior: R$ 5.69
ℹ️ Não houve queda de preço.

🔍 Consultando: LIXEIRA PIA
Abrindo página...
Página carregada!
Preço encontrado: R$62,10
💰 Preço atual: R$ 62.10
📊 Preço anterior: R$ 62.10
ℹ️ Não houve queda de preço.

🔍 Consultando: 4 ORGANIZADOR DE GELADEIRA 2,2 L
Abrindo página...
Página carregada!
Preço encontrado: R$88,25
💰 Preço atual: R$ 88.25
📊 Preço anterior: R$ 88.25
ℹ️ Não houve queda de preço.

🔍 Consultando: 3 ORGANIZADOR DE GELADEIRA SORT
Abrindo página...
Página carregada!
Preço encontrado: R$38,90
💰 Preço atual: R$ 38.90
📊 Preço anterior: R$ 38.90
ℹ️ Não houve queda de preço.

🔍 Consultando: 4 POTES 55ML
Abrindo página...
Página carregada!
Preço encontrado: R$15,90
💰 Preço atual: R$ 15.90
📊 Preço anterior: R$ 15.90
ℹ️ Não houve queda de preço.

🔍 Consultando: 10 POTES 800 ML
Abrindo página...
Página carregada!
Preço encontrado: R$54,05
💰 Preço atual: R$ 54.05
📊 Preço anterior: R$ 54.05
ℹ️ Não houve queda de preço.

🔍 Consultando: 5 POTES SORTIDOS
Abrindo página...
Página carregada!
Preço encontrado: R$56,90
💰 Preço atual: R$ 56.90
📊 Preço anterior: R$ 56.90
ℹ️ Não houve queda de preço.

🔍 Consultando: BEBEDOURO
Abrindo página...
Página carregada!
Preço encontrado: R$648,93
💰 Preço atual: R$ 648.93
📊 Preço anterior: R$ 648.93
ℹ️ Não houve queda de preço.

🔍 Consultando: TIGELA LARANJA 2x
Abrindo página...
Página carregada!
Preço encontrado: R$39,99
💰 Preço atual: R$ 39.99
📊 Preço anterior: R$ 39.99
ℹ️ Não houve queda de preço.

🔍 Consultando: Mouse
Abrindo página...
Página carregada!
Preço encontrado: R$85,40
💰 Preço atual: R$ 85.40
📊 Preço anterior: R$ 85.40
ℹ️ Não houve queda de preço.

🔍 Consultando: MousePad
Abrindo página...
Página carregada!
Preço encontrado: R$49,90
💰 Preço atual: R$ 49.90
📊 Preço anterior: R$ 49.90
ℹ️ Não houve queda de preço.

🔍 Consultando: Monitor
Abrindo página...
Página carregada!
Preço encontrado: R$534,85
💰 Preço atual: R$ 534.85
📊 Preço anterior: R$ 534.85
ℹ️ Não houve queda de preço.

🔍 Consultando: TRAVESSEIROS
Abrindo página...
Página carregada!
Preço encontrado: R$65,45
💰 Preço atual: R$ 65.45
📊 Preço anterior: R$ 65.45
ℹ️ Não houve queda de preço.

🔍 Consultando: JOGO 4 TOALHAS
Abrindo página...
Página carregada!
Preço encontrado: R$142,50
💰 Preço atual: R$ 142.50
📊 Preço anterior: R$ 142.50
ℹ️ Não houve queda de preço.

🔍 Consultando: LIXEIRO 2x
Abrindo página...
Página carregada!
Preço encontrado: R$62,10
💰 Preço atual: R$ 62.10
📊 Preço anterior: R$ 62.10
ℹ️ Não houve queda de preço.

🔍 Consultando: STEAM DECK
Abrindo página...
Página carregada!
Preço encontrado: R$7.219,05
💰 Preço atual: R$ 7219.05
📊 Preço anterior: R$ 7219.05
ℹ️ Não houve queda de preço.

🔍 Consultando: DOCKER P/ STEAM DECK
Abrindo página...
Página carregada!
Preço encontrado: R$158,18
💰 Preço atual: R$ 158.18
📊 Preço anterior: R$ 158.18
ℹ️ Não houve queda de preço.

🔍 Consultando: CORTINA BLACKOUT (220 X 130)
Abrindo página...
Página carregada!
Preço encontrado: R$44,65
💰 Preço atual: R$ 44.65
📊 Preço anterior: R$ 44.65
ℹ️ Não houve queda de preço.

🔍 Consultando: SUPORTE PARA RODO VASSOURA
Abrindo página...
Página carregada!
Preço encontrado: R$34,99
💰 Preço atual: R$ 34.99
📊 Preço anterior: R$ 34.99
ℹ️ Não houve queda de preço.

🔍 Consultando: MOP
Abrindo página...
Página carregada!
Preço encontrado: R$39,90
💰 Preço atual: R$ 39.90
📊 Preço anterior: R$ 39.90
ℹ️ Não houve queda de preço.

🔍 Consultando: MÁQUINA LAVA E SECA
Abrindo página...
Página carregada!
Preço encontrado: R$3.879,84
💰 Preço atual: R$ 3879.84
📊 Preço anterior: R$ 3846.55
ℹ️ Não houve queda de preço.

🔍 Consultando: CAIXA DE FERRAMENTAS
Abrindo página...
Página carregada!
Preço encontrado: R$78,22
💰 Preço atual: R$ 78.22
📊 Preço anterior: R$ 78.22
ℹ️ Não houve queda de preço.

🔍 Consultando: LAMPADAS
Abrindo página...
Página carregada!
Preço encontrado: R$19,00
💰 Preço atual: R$ 19.00
📊 Preço anterior: R$ 19.00
ℹ️ Não houve queda de preço.

🔍 Consultando: LIXEIRA GERAL
Abrindo página...
Página carregada!
Preço encontrado: R$85,63
💰 Preço atual: R$ 85.63
📊 Preço anterior: R$ 85.63
ℹ️ Não houve queda de preço.

🔍 Consultando: Escorredor de Louça (copos)
Abrindo página...
Página carregada!
Preço encontrado: R$89,33
💰 Preço atual: R$ 89.33
📊 Preço anterior: R$ 89.33
ℹ️ Não houve queda de preço.

🔍 Consultando: suporte monitor (notebook)
Abrindo página...
Página carregada!
Preço encontrado: R$184,30
💰 Preço atual: R$ 184.30
📊 Preço anterior: R$ 184.30
ℹ️ Não houve queda de preço.

🔍 Consultando: Espelho com armario banheiro
Abrindo página...
Página carregada!
Preço encontrado: R$142,88
💰 Preço atual: R$ 142.88
📊 Preço anterior: R$ 142.88
ℹ️ Não houve queda de preço.

🔍 Consultando: Espelho banheiro
Abrindo página...
Página carregada!
Preço encontrado: R$61,07
💰 Preço atual: R$ 61.07
📊 Preço anterior: R$ 61.07
ℹ️ Não houve queda de preço.

🔍 Consultando: CORTINA GRANDE SALA (VERDE)
Abrindo página...
Página carregada!
Preço encontrado: R$137,65
💰 Preço atual: R$ 137.65
📊 Preço anterior: R$ 137.65
ℹ️ Não houve queda de preço.

🔍 Consultando: VARAL DE CHÃO 3 ANDARES
Abrindo página...
Página carregada!
Preço encontrado: R$69,39
💰 Preço atual: R$ 69.39
📊 Preço anterior: R$ 69.39
ℹ️ Não houve queda de preço.

🔍 Consultando: MESA REDONDA MADEIRA 4
Abrindo página...
Página carregada!
Preço encontrado: R$1.134,30
💰 Preço atual: R$ 1134.30
📊 Preço anterior: R$ 1134.30
ℹ️ Não houve queda de preço.

🔍 Consultando: POTE HERMETICO SALADA
Abrindo página...
Página carregada!
Preço encontrado: R$33,45
💰 Preço atual: R$ 33.45
📊 Preço anterior: R$ 33.45
ℹ️ Não houve queda de preço.

🔍 Consultando: Suporte louça suspenso
Abrindo página...
Página carregada!
Preço encontrado: R$163,30
💰 Preço atual: R$ 163.30
📊 Preço anterior: R$ 163.00
ℹ️ Não houve queda de preço.

==================================================
🚨 QUEDAS DE 20% OU MAIS
==================================================
Nenhum produto teve queda de 20% ou mais.

==================================================
✅ Verificação concluída.
==================================================
🚀 INICIANDO RASTREADOR DE PREÇOS
==================================================
📁 Pasta do projeto: C:\Users\luzia\OneDrive\Área de Trabalho\price_tracker
📦 Produtos cadastrados: 53
📨 Destino dos alertas: -1003512640249
🔎 Verificando 53 produtos...

🔍 Consultando: FOGÃO
Abrindo página...
Página carregada!
Preço encontrado: R$703,87
💰 Preço atual: R$ 703.87
📊 Preço anterior: R$ 703.87
ℹ️ Não houve queda de preço.

🔍 Consultando: MESA + CADEIRA (4 lugares)
Abrindo página...
Página carregada!
Preço encontrado: R$467,99
💰 Preço atual: R$ 467.99
📊 Preço anterior: R$ 467.99
ℹ️ Não houve queda de preço.

🔍 Consultando: KIT PORTA MANTIMENTOS
Abrindo página...
Página carregada!
Preço encontrado: R$90,15
💰 Preço atual: R$ 90.15
📊 Preço anterior: R$ 90.15
ℹ️ Não houve queda de preço.

🔍 Consultando: Microondas
Abrindo página...
Página carregada!
Preço encontrado: R$547,77
💰 Preço atual: R$ 547.77
📊 Preço anterior: R$ 547.77
ℹ️ Não houve queda de preço.

🔍 Consultando: LIQUIDIFICADOR
Abrindo página...
Página carregada!
Preço encontrado: R$175,99
💰 Preço atual: R$ 175.99
📊 Preço anterior: R$ 175.99
ℹ️ Não houve queda de preço.

🔍 Consultando: ARMÁRIO (LOUÇAS C/ FRUTEIRA)
Abrindo página...
Página carregada!
Preço encontrado: R$297,49
💰 Preço atual: R$ 297.49
📊 Preço anterior: R$ 297.49
ℹ️ Não houve queda de preço.

🔍 Consultando: ARMÁRIO (DISPENSA)
Abrindo página...
Página carregada!
Preço encontrado: R$265,04
💰 Preço atual: R$ 265.04
📊 Preço anterior: R$ 265.04
ℹ️ Não houve queda de preço.

🔍 Consultando: CAFETEIRA ITALIANA
Abrindo página...
Página carregada!
Preço encontrado: Cafeteira Italiana em Aço Inox, 6 Xícaras (300 ML)
❌ Erro ao consultar CAFETEIRA ITALIANA: could not convert string to float: 'Cafeteira Italiana em Aço Inox. 6 Xícaras (300 ML)'

🔍 Consultando: ESCORREDOR DE LOUÇA
Abrindo página...
Página carregada!
Preço encontrado: R$75,90
💰 Preço atual: R$ 75.90
📊 Preço anterior: R$ 75.90
ℹ️ Não houve queda de preço.

🔍 Consultando: JOGO DE PANELAS
Abrindo página...
Página carregada!
Preço encontrado: R$549,00
💰 Preço atual: R$ 549.00
📊 Preço anterior: R$ 549.00
ℹ️ Não houve queda de preço.

🔍 Consultando: PANELA DE PRESSÃO
Abrindo página...
Página carregada!
Preço encontrado: R$194,74
💰 Preço atual: R$ 194.74
📊 Preço anterior: R$ 194.74
ℹ️ Não houve queda de preço.

🔍 Consultando: PRATOS
Abrindo página...
Página carregada!
Preço encontrado: R$47,49
💰 Preço atual: R$ 47.49
📊 Preço anterior: R$ 47.49
ℹ️ Não houve queda de preço.

🔍 Consultando: BOWLS
Abrindo página...
Página carregada!
Preço encontrado: R$53,10
💰 Preço atual: R$ 53.10
📊 Preço anterior: R$ 53.10
ℹ️ Não houve queda de preço.

🔍 Consultando: FORMAS
Abrindo página...
Página carregada!
Preço encontrado: R$91,10
💰 Preço atual: R$ 91.10
📊 Preço anterior: R$ 91.10
ℹ️ Não houve queda de preço.

🔍 Consultando: TALHERES
Abrindo página...
Página carregada!
Preço encontrado: R$36,99
💰 Preço atual: R$ 36.99
📊 Preço anterior: R$ 36.99
ℹ️ Não houve queda de preço.

🔍 Consultando: ESPATULAS ETC SILICONE
Abrindo página...
Página carregada!
Preço encontrado: R$36,90
💰 Preço atual: R$ 36.90
📊 Preço anterior: R$ 36.90
ℹ️ Não houve queda de preço.

🔍 Consultando: FACAS
Abrindo página...
Página carregada!
Preço encontrado: R$34,20
💰 Preço atual: R$ 34.20
📊 Preço anterior: R$ 34.20
ℹ️ Não houve queda de preço.

🔍 Consultando: RALADOR
Abrindo página...
Página carregada!
Preço encontrado: R$19,00
💰 Preço atual: R$ 19.00
📊 Preço anterior: R$ 19.00
ℹ️ Não houve queda de preço.

🔍 Consultando: PANO DE PRATO
Abrindo página...
Página carregada!
Preço encontrado: R$29,90
💰 Preço atual: R$ 29.90
📊 Preço anterior: R$ 29.90
ℹ️ Não houve queda de preço.

🔍 Consultando: TÁBUA DE CORTE
Abrindo página...
Página carregada!
Preço encontrado: R$38,90
💰 Preço atual: R$ 38.90
📊 Preço anterior: R$ 38.90
ℹ️ Não houve queda de preço.

🔍 Consultando: RODO DE PIA
Abrindo página...
Página carregada!
Preço encontrado: R$5,69
💰 Preço atual: R$ 5.69
📊 Preço anterior: R$ 5.69
ℹ️ Não houve queda de preço.

🔍 Consultando: LIXEIRA PIA
Abrindo página...
Página carregada!
Preço encontrado: R$62,10
💰 Preço atual: R$ 62.10
📊 Preço anterior: R$ 62.10
ℹ️ Não houve queda de preço.

🔍 Consultando: 4 ORGANIZADOR DE GELADEIRA 2,2 L
Abrindo página...
Página carregada!
Preço encontrado: R$88,25
💰 Preço atual: R$ 88.25
📊 Preço anterior: R$ 88.25
ℹ️ Não houve queda de preço.

🔍 Consultando: 3 ORGANIZADOR DE GELADEIRA SORT
Abrindo página...
Página carregada!
Preço encontrado: R$38,90
💰 Preço atual: R$ 38.90
📊 Preço anterior: R$ 38.90
ℹ️ Não houve queda de preço.

🔍 Consultando: 4 POTES 55ML
Abrindo página...
❌ Erro ao consultar 4 POTES 55ML: Page.goto: Timeout 30000ms exceeded.
Call log:
  - navigating to "https://www.amazon.com.br/dp/B0HCR2VVSB", waiting until "domcontentloaded"


🔍 Consultando: 10 POTES 800 ML
Abrindo página...
Página carregada!
Preço encontrado: R$52,48
💰 Preço atual: R$ 52.48
📊 Preço anterior: R$ 54.05

🔍 Consultando: 5 POTES SORTIDOS
Abrindo página...
Página carregada!
Preço encontrado: R$56,90
💰 Preço atual: R$ 56.90
📊 Preço anterior: R$ 56.90
ℹ️ Não houve queda de preço.

🔍 Consultando: BEBEDOURO
Abrindo página...
Página carregada!
Preço encontrado: R$648,93
💰 Preço atual: R$ 648.93
📊 Preço anterior: R$ 648.93
ℹ️ Não houve queda de preço.

🔍 Consultando: TIGELA LARANJA 2x
Abrindo página...
Página carregada!
Preço encontrado: R$39,99
💰 Preço atual: R$ 39.99
📊 Preço anterior: R$ 39.99
ℹ️ Não houve queda de preço.

🔍 Consultando: Mouse
Abrindo página...
Página carregada!
Preço encontrado: R$85,40
💰 Preço atual: R$ 85.40
📊 Preço anterior: R$ 85.40
ℹ️ Não houve queda de preço.

🔍 Consultando: MousePad
Abrindo página...
Página carregada!
Preço encontrado: R$49,90
💰 Preço atual: R$ 49.90
📊 Preço anterior: R$ 49.90
ℹ️ Não houve queda de preço.

🔍 Consultando: Monitor
Abrindo página...
Página carregada!
Preço encontrado: R$534,85
💰 Preço atual: R$ 534.85
📊 Preço anterior: R$ 534.85
ℹ️ Não houve queda de preço.

🔍 Consultando: TRAVESSEIROS
Abrindo página...
Página carregada!
Preço encontrado: R$65,45
💰 Preço atual: R$ 65.45
📊 Preço anterior: R$ 65.45
ℹ️ Não houve queda de preço.

🔍 Consultando: JOGO 4 TOALHAS
Abrindo página...
Página carregada!
Preço encontrado: R$142,50
💰 Preço atual: R$ 142.50
📊 Preço anterior: R$ 142.50
ℹ️ Não houve queda de preço.

🔍 Consultando: LIXEIRO 2x
Abrindo página...
Página carregada!
Preço encontrado: R$62,10
💰 Preço atual: R$ 62.10
📊 Preço anterior: R$ 62.10
ℹ️ Não houve queda de preço.

🔍 Consultando: STEAM DECK
Abrindo página...
Página carregada!
Preço encontrado: R$7.219,05
💰 Preço atual: R$ 7219.05
📊 Preço anterior: R$ 7219.05
ℹ️ Não houve queda de preço.

🔍 Consultando: DOCKER P/ STEAM DECK
Abrindo página...
Página carregada!
Preço encontrado: R$158,18
💰 Preço atual: R$ 158.18
📊 Preço anterior: R$ 158.18
ℹ️ Não houve queda de preço.

🔍 Consultando: CORTINA BLACKOUT (220 X 130)
Abrindo página...
Página carregada!
Preço encontrado: R$44,65
💰 Preço atual: R$ 44.65
📊 Preço anterior: R$ 44.65
ℹ️ Não houve queda de preço.

🔍 Consultando: SUPORTE PARA RODO VASSOURA
Abrindo página...
Página carregada!
Preço encontrado: R$34,99
💰 Preço atual: R$ 34.99
📊 Preço anterior: R$ 34.99
ℹ️ Não houve queda de preço.

🔍 Consultando: MOP
Abrindo página...
Página carregada!
Preço encontrado: R$39,90
💰 Preço atual: R$ 39.90
📊 Preço anterior: R$ 39.90
ℹ️ Não houve queda de preço.

🔍 Consultando: MÁQUINA LAVA E SECA
Abrindo página...
Página carregada!
Preço encontrado: R$3.675,63
💰 Preço atual: R$ 3675.63
📊 Preço anterior: R$ 3879.84

🔍 Consultando: CAIXA DE FERRAMENTAS
Abrindo página...
Página carregada!
Preço encontrado: R$78,22
💰 Preço atual: R$ 78.22
📊 Preço anterior: R$ 78.22
ℹ️ Não houve queda de preço.

🔍 Consultando: LAMPADAS
Abrindo página...
Página carregada!
Preço encontrado: R$19,00
💰 Preço atual: R$ 19.00
📊 Preço anterior: R$ 19.00
ℹ️ Não houve queda de preço.

🔍 Consultando: LIXEIRA GERAL
Abrindo página...
Página carregada!
Preço encontrado: R$85,63
💰 Preço atual: R$ 85.63
📊 Preço anterior: R$ 85.63
ℹ️ Não houve queda de preço.

🔍 Consultando: Escorredor de Louça (copos)
Abrindo página...
Página carregada!
Preço encontrado: R$89,33
💰 Preço atual: R$ 89.33
📊 Preço anterior: R$ 89.33
ℹ️ Não houve queda de preço.

🔍 Consultando: suporte monitor (notebook)
Abrindo página...
Página carregada!
Preço encontrado: R$184,30
💰 Preço atual: R$ 184.30
📊 Preço anterior: R$ 184.30
ℹ️ Não houve queda de preço.

🔍 Consultando: Espelho com armario banheiro
Abrindo página...
Página carregada!
Preço encontrado: R$142,88
💰 Preço atual: R$ 142.88
📊 Preço anterior: R$ 142.88
ℹ️ Não houve queda de preço.

🔍 Consultando: Espelho banheiro
Abrindo página...
Página carregada!
Preço encontrado: R$61,07
💰 Preço atual: R$ 61.07
📊 Preço anterior: R$ 61.07
ℹ️ Não houve queda de preço.

🔍 Consultando: CORTINA GRANDE SALA (VERDE)
Abrindo página...
Página carregada!
Preço encontrado: R$137,65
💰 Preço atual: R$ 137.65
📊 Preço anterior: R$ 137.65
ℹ️ Não houve queda de preço.

🔍 Consultando: VARAL DE CHÃO 3 ANDARES
Abrindo página...
Página carregada!
Preço encontrado: R$69,39
💰 Preço atual: R$ 69.39
📊 Preço anterior: R$ 69.39
ℹ️ Não houve queda de preço.

🔍 Consultando: MESA REDONDA MADEIRA 4
Abrindo página...
Página carregada!
Preço encontrado: R$1.134,30
💰 Preço atual: R$ 1134.30
📊 Preço anterior: R$ 1134.30
ℹ️ Não houve queda de preço.

🔍 Consultando: POTE HERMETICO SALADA
Abrindo página...
Página carregada!
Preço encontrado: R$33,45
💰 Preço atual: R$ 33.45
📊 Preço anterior: R$ 33.45
ℹ️ Não houve queda de preço.

🔍 Consultando: Suporte louça suspenso
Abrindo página...
Página carregada!
Preço encontrado: R$163,30
💰 Preço atual: R$ 163.30
📊 Preço anterior: R$ 163.30
ℹ️ Não houve queda de preço.

==================================================
🚨 QUEDAS DE 20% OU MAIS
==================================================
Nenhum produto teve queda de 20% ou mais.

==================================================
✅ Verificação concluída.
